be
be
hamlet
is
monologue
not
of
or
question
that
the
to
to
